---- TEST 1 ----
Simple W/R annon
- Debut -
0123456789
abcdefghij
Salade de fruit
avec sauce BBQ
au hareng
- Fin -
