---- TEST 2 ----
Simple W/R file
- Debut -
0123456789
abcdefghij
Salade de fruit
avec sauce BBQ
au hareng
- Fin -
